description: Test extension
displayName: Test
id: test
usage: usage info
version: 1.0.0

