description: Extension description
displayName: Test Extension
id: test-extension
usage: Usage info
version: 1.0.0

