Usage:
  azd env list [flags]

Aliases:
  list, ls

Flags:
  -h, --help            Gets help for list.
  -o, --output string   The output format (the supported formats are json, table). (default "table")

Global Flags:
  -C, --cwd string   Sets the current working directory.
      --debug        Enables debugging and diagnostics logging.
      --no-prompt    Accepts the default value instead of prompting, or it fails if there is no default.

