
Restore application dependencies. (Beta)

  • Run this command to download and install all required dependencies so that you can build, run, and debug the application locally.
  • For the best local run and debug experience, go to https://aka.ms/azure-dev/vscode to learn how to use the Visual Studio Code extension.

Usage
  azd restore <service> [flags]

Flags
        --all                	: Restores all services that are listed in azure.yaml
        --docs               	: Opens the documentation for azd restore in your web browser.
    -e, --environment string 	: The name of the environment to use.
    -h, --help               	: Gets help for restore.

Global Flags
    -C, --cwd string 	: Sets the current working directory.
        --debug      	: Enables debugging and diagnostics logging.
        --no-prompt  	: Accepts the default value instead of prompting, or it fails if there is no default.

Examples
  Downloads and installs a specific application service dependency, Individual services are listed in your azure.yaml file.
    azd restore <service> [Service name]

  Downloads and installs all application dependencies.
    azd restore


