
Show details for a specific extension.

Usage
  azd extension show <extension-name> [flags]

Flags
        --docs 	: Opens the documentation for azd extension show in your web browser.
    -h, --help 	: Gets help for show.

Global Flags
    -C, --cwd string 	: Sets the current working directory.
        --debug      	: Enables debugging and diagnostics logging.
        --no-prompt  	: Accepts the default value instead of prompting, or it fails if there is no default.

Find a bug? Want to let us know how we're doing? Fill out this brief survey: https://aka.ms/azure-dev/hats.


