
Write IaC for your project to disk, allowing you to manually manage it.

Usage
  azd infra generate [flags]

Flags
    -e, --environment string 	: The name of the environment to use.
        --force              	: Overwrite any existing files without prompting

Global Flags
    -C, --cwd string 	: Sets the current working directory.
        --debug      	: Enables debugging and diagnostics logging.
        --docs       	: Opens the documentation for azd infra generate in your web browser.
    -h, --help       	: Gets help for generate.
        --no-prompt  	: Accepts the default value instead of prompting, or it fails if there is no default.

Find a bug? Want to let us know how we're doing? Fill out this brief survey: https://aka.ms/azure-dev/hats.


