
Builds the application's code. (Beta)

Usage
  azd build <service> [flags]

Flags
        --all                	: Deploys all services that are listed in azure.yaml
        --docs               	: Opens the documentation for azd build in your web browser.
    -e, --environment string 	: The name of the environment to use.
    -h, --help               	: Gets help for build.

Global Flags
    -C, --cwd string 	: Sets the current working directory.
        --debug      	: Enables debugging and diagnostics logging.
        --no-prompt  	: Accepts the default value instead of prompting, or it fails if there is no default.

Find a bug? Want to let us know how we're doing? Fill out this brief survey: https://aka.ms/azure-dev/hats.


