
Add an extension source with the specified name

Usage
  azd extension source add [flags]

Flags
    -l, --location string 	: The location of the extension source
    -n, --name string     	: The name of the extension source
    -t, --type string     	: The type of the extension source. Supported types are 'file' and 'url'

Global Flags
    -C, --cwd string 	: Sets the current working directory.
        --debug      	: Enables debugging and diagnostics logging.
        --docs       	: Opens the documentation for azd extension source add in your web browser.
    -h, --help       	: Gets help for add.
        --no-prompt  	: Accepts the default value instead of prompting, or it fails if there is no default.

Find a bug? Want to let us know how we're doing? Fill out this brief survey: https://aka.ms/azure-dev/hats.


