
Tools and commands for testing azd projects.

Usage
  azd test [flags]

Flags
        --docs 	: Opens the documentation for azd test in your web browser.
    -h, --help 	: Gets help for test.

Global Flags
    -C, --cwd string 	: Sets the current working directory.
        --debug      	: Enables debugging and diagnostics logging.
        --no-prompt  	: Accepts the default value instead of prompting, or it fails if there is no default.

Find a bug? Want to let us know how we're doing? Fill out this brief survey: https://aka.ms/azure-dev/hats.


