
Monitor a deployed application (Beta). For more information, go to: https://aka.ms/azure-dev/monitor.

Usage
  azd monitor [flags]

Flags
        --docs               	: Opens the documentation for azd monitor in your web browser.
    -e, --environment string 	: The name of the environment to use.
    -h, --help               	: Gets help for monitor.
        --live               	: Open a browser to Application Insights Live Metrics. Live Metrics is currently not supported for Python apps.
        --logs               	: Open a browser to Application Insights Logs.
        --overview           	: Open a browser to Application Insights Overview Dashboard.

Global Flags
    -C, --cwd string 	: Sets the current working directory.
        --debug      	: Enables debugging and diagnostics logging.
        --no-prompt  	: Accepts the default value instead of prompting, or it fails if there is no default.

Examples
  Open Application Insights Live Metrics.
    azd monitor --live

  Open Application Insights Logs.
    azd monitor --logs

  Open Application Insights Overview Dashboard.
    azd monitor --overview


