
Deploy application to Azure.

  • By default, deploys all services listed in 'azure.yaml' in the current directory, or the service described in the project that matches the current directory.
  • When <service> is set, only the specific service is deployed.
  • After the deployment is complete, the endpoint is printed. To start the service, select the endpoint or paste it in a browser.

Usage
  azd deploy <service> [flags]

Flags
        --all                 	: Deploys all services that are listed in azure.yaml
        --docs                	: Opens the documentation for azd deploy in your web browser.
    -e, --environment string  	: The name of the environment to use.
        --from-package string 	: Deploys the application from an existing package.
    -h, --help                	: Gets help for deploy.

Global Flags
    -C, --cwd string 	: Sets the current working directory.
        --debug      	: Enables debugging and diagnostics logging.
        --no-prompt  	: Accepts the default value instead of prompting, or it fails if there is no default.

Examples
  Deploy all services in the current project to Azure.
    azd deploy --all

  Deploy the service named 'api' to Azure from a previously generated package.
    azd deploy api --from-package <package-path>

  Deploy the service named 'api' to Azure.
    azd deploy api

  Deploy the service named 'web' to Azure.
    azd deploy web


