
Adds an azd template source at the specified key (Beta)

Usage
  azd template source add <key> [flags]

Flags
        --docs            	: Opens the documentation for azd template source add in your web browser.
    -h, --help            	: Gets help for add.
    -l, --location string 	: Location of the template source.
    -n, --name string     	: Display name of the template source.
    -t, --type string     	: Kind of the template source.

Global Flags
    -C, --cwd string 	: Sets the current working directory.
        --debug      	: Enables debugging and diagnostics logging.
        --no-prompt  	: Accepts the default value instead of prompting, or it fails if there is no default.

Find a bug? Want to let us know how we're doing? Fill out this brief survey: https://aka.ms/azure-dev/hats.


