
List available extensions.

Usage
  azd extension list [--installed] [flags]

Flags
        --docs      	: Opens the documentation for azd extension list in your web browser.
    -h, --help      	: Gets help for list.
        --installed 	: List installed extensions

Global Flags
    -C, --cwd string 	: Sets the current working directory.
        --debug      	: Enables debugging and diagnostics logging.
        --no-prompt  	: Accepts the default value instead of prompting, or it fails if there is no default.

Find a bug? Want to let us know how we're doing? Fill out this brief survey: https://aka.ms/azure-dev/hats.


