
Get specific environment value.

Usage
  azd env get-value <keyName> [flags]

Flags
    -e, --environment string 	: The name of the environment to use.

Global Flags
    -C, --cwd string 	: Sets the current working directory.
        --debug      	: Enables debugging and diagnostics logging.
        --docs       	: Opens the documentation for azd env get-value in your web browser.
    -h, --help       	: Gets help for get-value.
        --no-prompt  	: Accepts the default value instead of prompting, or it fails if there is no default.

Find a bug? Want to let us know how we're doing? Fill out this brief survey: https://aka.ms/azure-dev/hats.


