Usage:
  azd config get <path> [flags]

Flags:
  -h, --help            Gets help for get.
  -o, --output string   The output format (the supported formats are json). (default "json")

Global Flags:
  -C, --cwd string           Sets the current working directory.
      --debug                Enables debugging and diagnostics logging.
  -e, --environment string   The name of the environment to use.
      --no-prompt            Accepts the default value instead of prompting, or it fails if there is no default.

