
Remove an environment.

Usage
  azd env rm <environment> [flags]

Flags
        --docs               	: Opens the documentation for azd env rm in your web browser.
    -e, --environment string 	: The name of the environment to use.
        --force              	: Skips confirmation before performing removal.
    -h, --help               	: Gets help for rm.

Global Flags
    -C, --cwd string 	: Sets the current working directory.
        --debug      	: Enables debugging and diagnostics logging.
        --no-prompt  	: Accepts the default value instead of prompting, or it fails if there is no default.

Find a bug? Want to let us know how we're doing? Fill out this brief survey: https://aka.ms/azure-dev/hats.


