Usage:
  azd infra delete [flags]

Aliases:
  delete, down

Flags:
  -e, --environment string   The name of the environment to use.
      --force                Does not require confirmation before it deletes resources.
  -h, --help                 Gets help for delete.
  -o, --output string        The output format (the supported formats are json, none). (default "none")
      --purge                Does not require confirmation before it permanently deletes resources that are soft-deleted by default (for example, key vaults).

Global Flags:
  -C, --cwd string   Sets the current working directory.
      --debug        Enables debugging and diagnostics logging.
      --no-prompt    Accepts the default value instead of prompting, or it fails if there is no default.

