
The Azure Developer CLI is an open-source tool that helps onboard and manage your application on Azure

Usage
  azd [command]

Commands
  Configure and develop your app
    auth     	: Authenticate with Azure.
    config   	: Manage azd configurations (ex: default Azure subscription, location).
    hooks    	: Develop, test and run hooks for an application. (Beta)
    init     	: Initialize a new application.
    restore  	: Restores the application's dependencies. (Beta)
    template 	: Find and view template details. (Beta)

  Manage Azure resources and app deployments
    deploy   	: Deploy the application's code to Azure.
    down     	: Delete Azure resources for an application.
    env      	: Manage environments.
    package  	: Packages the application's code to be deployed to Azure. (Beta)
    provision	: Provision the Azure resources for an application.
    up       	: Provision Azure resources, and deploy your project with a single command.

  Monitor, test and release your app
    monitor  	: Monitor a deployed application. (Beta)
    pipeline 	: Manage and configure your deployment pipelines. (Beta)
    show     	: Display information about your app and its resources.

  About, help and upgrade
    version  	: Print the version number of Azure Developer CLI.

Flags
    -C, --cwd string 	: Sets the current working directory.
        --debug      	: Enables debugging and diagnostics logging.
        --docs       	: Opens the documentation for azd in your web browser.
    -h, --help       	: Gets help for azd.
        --no-prompt  	: Accepts the default value instead of prompting, or it fails if there is no default.

Use azd [command] --help to view examples and more information about a specific command.

Deploying a sample application
Initialize from a sample application by running the azd init --template [template name] command in an empty directory.
Then, run azd up to get the application up-and-running in Azure.

To view a curated list of sample templates, run azd template list.
To view all available sample templates, including those submitted by the azd community, visit: https://azure.github.io/awesome-azd.

Find a bug? Want to let us know how we're doing? Fill out this brief survey: https://aka.ms/azure-dev/hats.


