Usage:
  azd config unset <path> [flags]

Examples:
$ azd config unset defaults.location

Flags:
  -h, --help   Gets help for unset.

Global Flags:
  -C, --cwd string           Sets the current working directory.
      --debug                Enables debugging and diagnostics logging.
  -e, --environment string   The name of the environment to use.
      --no-prompt            Accepts the default value instead of prompting, or it fails if there is no default.

