location: {{ .Env.AZURE_LOCATION }}
identity:
  type: UserAssigned
  userAssignedIdentities:
    ? "{{ .Env.AZURE_CONTAINER_REGISTRY_MANAGED_IDENTITY_ID }}"
    : {}
properties:
  environmentId: {{ .Env.AZURE_CONTAINER_APPS_ENVIRONMENT_ID }}
  configuration:
    activeRevisionsMode: single
    ingress:
      external: false
      targetPort: {{ targetPortOrDefault 8080 }}
      transport: http
      allowInsecure: true
    registries:
    - server: {{ .Env.AZURE_CONTAINER_REGISTRY_ENDPOINT }}
      identity: {{ .Env.AZURE_CONTAINER_REGISTRY_MANAGED_IDENTITY_ID }}
    secrets:
      - name: applicationinsights-connection-string
        value: '{{ .Env.AI_APPINSIGHTSCONNECTIONSTRING }}'
      - name: connectionstrings--db
        value: Server=tcp:{{ .Env.SQL_SQLSERVERFQDN }},1433;Encrypt=True;Authentication="Active Directory Default";Database=db
      - name: connectionstrings--db2
        value: '{{ secretOutput "SERVICE_BINDING_POSTGRES_2KV_ENDPOINT" "connectionString" }};Database=db2;'
      - name: connectionstrings--s-b
        value: '{{ .Env.S_B_SERVICEBUSENDPOINT }}'
  template:
    containers:
    - image: {{ .Image }}
      name: frontend
      env:
      - name: AZURE_CLIENT_ID
        value: {{ .Env.MANAGED_IDENTITY_CLIENT_ID }}
      - name: OTEL_DOTNET_EXPERIMENTAL_OTLP_EMIT_EVENT_LOG_ATTRIBUTES
        value: "true"
      - name: OTEL_DOTNET_EXPERIMENTAL_OTLP_EMIT_EXCEPTION_LOG_ATTRIBUTES
        value: "true"
      - name: bicepValue0
        value: '{{ .Env.TEST_VAL0 }}'
      - name: bicepValue_test
        value: '{{ .Env.TEST_TEST }}'
      - name: APPLICATIONINSIGHTS_CONNECTION_STRING
        secretRef: applicationinsights-connection-string
      - name: ConnectionStrings__db
        secretRef: connectionstrings--db
      - name: ConnectionStrings__db2
        secretRef: connectionstrings--db2
      - name: ConnectionStrings__s-b
        secretRef: connectionstrings--s-b
    scale:
      minReplicas: 1
tags:
  azd-service-name: frontend
  aspire-resource-name: frontend

