location: {{ .Env.AZURE_LOCATION }}
identity:
  type: UserAssigned
  userAssignedIdentities:
    ? "{{ .Env.AZURE_CONTAINER_REGISTRY_MANAGED_IDENTITY_ID }}"
    : {}
properties:
  environmentId: {{ .Env.AZURE_CONTAINER_APPS_ENVIRONMENT_ID }}
  configuration:
    activeRevisionsMode: single
    ingress:
      external: true
      targetPort: {{ targetPortOrDefault 3000 }}
      transport: http
      allowInsecure: false
    registries:
    - server: {{ .Env.AZURE_CONTAINER_REGISTRY_ENDPOINT }}
      identity: {{ .Env.AZURE_CONTAINER_REGISTRY_MANAGED_IDENTITY_ID }}
    secrets:
      - name: my-sql-connection-string
        value: Server=mysqlabstract;Port=3306;User ID=root;Password={{ securedParameter "mysqlabstract_password" }}
  template:
    containers:
    - image: {{ .Image }}
      name: nodeapp
      env:
      - name: AZURE_CLIENT_ID
        value: {{ .Env.MANAGED_IDENTITY_CLIENT_ID }}
      - name: NODE_ENV
        value: development
      - name: PORT
        value: "3000"
      - name: MY_SQL_CONNECTION_STRING
        secretRef: my-sql-connection-string
    scale:
      minReplicas: 1
tags:
  azd-service-name: nodeapp
  aspire-resource-name: nodeapp

