location: {{ .Env.AZURE_LOCATION }}
identity:
  type: UserAssigned
  userAssignedIdentities:
    /subscriptions/<subscription_id>/resourcegroups/my-rg/providers/Microsoft.ManagedIdentity/userAssignedIdentities/my-user: {}
    '{{ .Env.IDENTITIES_RESOURCEID }}': {}
    ? "{{ .Env.AZURE_CONTAINER_REGISTRY_MANAGED_IDENTITY_ID }}"
    : {}
properties:
  environmentId: {{ .Env.AZURE_CONTAINER_APPS_ENVIRONMENT_ID }}
  configuration:
    activeRevisionsMode: single
    ingress:
      external: false
      targetPort: {{ targetPortOrDefault 8080 }}
      transport: http
      allowInsecure: true
    registries:
    - server: {{ .Env.AZURE_CONTAINER_REGISTRY_ENDPOINT }}
      identity: {{ .Env.AZURE_CONTAINER_REGISTRY_MANAGED_IDENTITY_ID }}
  template:
    containers:
    - image: {{ .Image }}
      name: api
      env:
      - name: AZURE_CLIENT_ID
        value: {{ .Env.MANAGED_IDENTITY_CLIENT_ID }}
      - name: OTEL_DOTNET_EXPERIMENTAL_OTLP_EMIT_EVENT_LOG_ATTRIBUTES
        value: "true"
      - name: OTEL_DOTNET_EXPERIMENTAL_OTLP_EMIT_EXCEPTION_LOG_ATTRIBUTES
        value: "true"
      - name: TEST2_CLIENT_ID
        value: '{{ .Env.IDENTITIES_CLIENTID }}'
      - name: TEST_CLIENT_ID
        value: 00000000-0000-0000-0000-000000000000
    scale:
      minReplicas: 1
tags:
  azd-service-name: api
  aspire-resource-name: api

