location: {{ .Env.AZURE_LOCATION }}
identity:
  type: UserAssigned
  userAssignedIdentities:
    ? "{{ .Env.AZURE_CONTAINER_REGISTRY_MANAGED_IDENTITY_ID }}"
    : {}
properties:
  environmentId: {{ .Env.AZURE_CONTAINER_APPS_ENVIRONMENT_ID }}
  configuration:
    activeRevisionsMode: single
    ingress:
      external: true
      targetPort: {{ targetPortOrDefault 8080 }}
      transport: http
      allowInsecure: false
    registries:
      - server: {{ .Env.AZURE_CONTAINER_REGISTRY_ENDPOINT }}
        identity: {{ .Env.AZURE_CONTAINER_REGISTRY_MANAGED_IDENTITY_ID }}
  template:
    containers:
      - image: {{ .Image }}
        name: api
        env:
          - name: AZURE_CLIENT_ID
            value: {{ .Env.MANAGED_IDENTITY_CLIENT_ID }}
          - name: ASPNETCORE_FORWARDEDHEADERS_ENABLED
            value: "true"
          - name: OTEL_DOTNET_EXPERIMENTAL_OTLP_EMIT_EVENT_LOG_ATTRIBUTES
            value: "true"
          - name: OTEL_DOTNET_EXPERIMENTAL_OTLP_EMIT_EXCEPTION_LOG_ATTRIBUTES
            value: "true"
          - name: OTEL_DOTNET_EXPERIMENTAL_OTLP_RETRY
            value: in_memory
          - name: http_ep
            value: http://api.{{ .Env.AZURE_CONTAINER_APPS_ENVIRONMENT_DEFAULT_DOMAIN }}
          - name: http_host
            value: api.{{ .Env.AZURE_CONTAINER_APPS_ENVIRONMENT_DEFAULT_DOMAIN }}
          - name: http_port
            value: "80"
          - name: http_scheme
            value: http
          - name: http_targetPort
            value: '{{ targetPortOrDefault 0 }}'
    scale:
      minReplicas: 1
tags:
  azd-service-name: api
  aspire-resource-name: api

