location: {{ .Env.AZURE_LOCATION }}
identity:
  type: UserAssigned
  userAssignedIdentities:
    ? "{{ .Env.AZURE_CONTAINER_REGISTRY_MANAGED_IDENTITY_ID }}"
    : {}
properties:
  environmentId: {{ .Env.AZURE_CONTAINER_APPS_ENVIRONMENT_ID }}
  configuration:
    activeRevisionsMode: single
    ingress:
      external: false
      targetPort: {{ targetPortOrDefault 8080 }}
      transport: http
      allowInsecure: true
    registries:
    - server: {{ .Env.AZURE_CONTAINER_REGISTRY_ENDPOINT }}
      identity: {{ .Env.AZURE_CONTAINER_REGISTRY_MANAGED_IDENTITY_ID }}
    secrets:
      - name: connectionstrings--db
        value: '{{ connectionString "db" }}'
  template:
    containers:
    - image: {{ .Image }}
      name: api
      env:
      - name: AZURE_CLIENT_ID
        value: {{ .Env.MANAGED_IDENTITY_CLIENT_ID }}
      - name: OTEL_DOTNET_EXPERIMENTAL_OTLP_EMIT_EVENT_LOG_ATTRIBUTES
        value: "true"
      - name: OTEL_DOTNET_EXPERIMENTAL_OTLP_EMIT_EXCEPTION_LOG_ATTRIBUTES
        value: "true"
      - name: ConnectionStrings__db
        secretRef: connectionstrings--db
    scale:
      minReplicas: 1
tags:
  azd-service-name: api
  aspire-resource-name: api

