targetScope = 'subscription'

@minLength(1)
@maxLength(64)
@description('Name of the environment that can be used as part of naming resource convention, the name of the resource group for your application will use this name, prefixed with rg-')
param environmentName string

@minLength(1)
@description('The location used for all deployed resources')
param location string

@description('Id of the user or app to assign application roles')
param principalId string = ''

param administrator_login string
@secure()
param administratorLoginPassword string
param parameter string

var tags = {
  'azd-env-name': environmentName
}

resource rg 'Microsoft.Resources/resourceGroups@2022-09-01' = {
  name: 'rg-${environmentName}'
  location: location
  tags: tags
}

module resources 'resources.bicep' = {
  scope: rg
  name: 'resources'
  params: {
    location: location
    tags: tags
    principalId: principalId
  }
}

module ai 'ai/aspire.hosting.azure.bicep.appinsights.bicep' = {
  name: 'ai'
  scope: rg
  params: {
    location: location
    appInsightsName: 'ai'
    logAnalyticsWorkspaceId: resources.outputs.AZURE_LOG_ANALYTICS_WORKSPACE_ID
  }
}
module postgres_2 'postgres-2/aspire.hosting.azure.bicep.postgres.bicep' = {
  name: 'postgres-2'
  scope: rg
  params: {
    location: location
    administratorLogin: administrator_login
    administratorLoginPassword: administratorLoginPassword
    databases: ['db2']
    keyVaultName: resources.outputs.SERVICE_BINDING_KV854251F1_NAME
    serverName: 'postgres-2'
  }
}
module s_b 's-b/aspire.hosting.azure.bicep.servicebus.bicep' = {
  name: 's-b'
  scope: rg
  params: {
    location: location
    principalId: resources.outputs.MANAGED_IDENTITY_PRINCIPAL_ID
    principalType: 'ServicePrincipal'
    queues: ['queue1']
    serviceBusNamespaceName: 's-b'
    topics: [{name:'topic1',subscriptions:['subscription1','subscription2']},{name:'topic2',subscriptions:['subscription1']}]
  }
}
module sql 'sql/aspire.hosting.azure.bicep.sql.bicep' = {
  name: 'sql'
  scope: rg
  params: {
    location: location
    databases: ['db']
    principalId: resources.outputs.MANAGED_IDENTITY_PRINCIPAL_ID
    principalName: resources.outputs.MANAGED_IDENTITY_NAME
    serverName: 'sql'
  }
}
module test 'test/test.bicep' = {
  name: 'test'
  scope: rg
  params: {
    location: location
    test: parameter
    values: ['one','two']
  }
}
output MANAGED_IDENTITY_CLIENT_ID string = resources.outputs.MANAGED_IDENTITY_CLIENT_ID
output MANAGED_IDENTITY_NAME string = resources.outputs.MANAGED_IDENTITY_NAME
output AZURE_LOG_ANALYTICS_WORKSPACE_NAME string = resources.outputs.AZURE_LOG_ANALYTICS_WORKSPACE_NAME
output AZURE_CONTAINER_REGISTRY_ENDPOINT string = resources.outputs.AZURE_CONTAINER_REGISTRY_ENDPOINT
output AZURE_CONTAINER_REGISTRY_MANAGED_IDENTITY_ID string = resources.outputs.AZURE_CONTAINER_REGISTRY_MANAGED_IDENTITY_ID
output AZURE_CONTAINER_APPS_ENVIRONMENT_ID string = resources.outputs.AZURE_CONTAINER_APPS_ENVIRONMENT_ID
output AZURE_CONTAINER_APPS_ENVIRONMENT_DEFAULT_DOMAIN string = resources.outputs.AZURE_CONTAINER_APPS_ENVIRONMENT_DEFAULT_DOMAIN
output SERVICE_BINDING_KV854251F1_ENDPOINT string = resources.outputs.SERVICE_BINDING_KV854251F1_ENDPOINT

output AI_APPINSIGHTSCONNECTIONSTRING string = ai.outputs.appInsightsConnectionString
output S_B_SERVICEBUSENDPOINT string = s_b.outputs.serviceBusEndpoint
output SQL_SQLSERVERFQDN string = sql.outputs.sqlServerFqdn
output TEST_TEST string = test.outputs.test
output TEST_VAL0 string = test.outputs.val0
