name: test-proj
services:
    todo:
        host: aks
        containers:
            api:
                project: ./src/api
                language: js

