name: test-proj
services:
    api:
        project: src/api
        host: containerapp
        language: ts

