name: minimal
services:
    minimal-docker:
        project: ./src
        host: containerapp
        language: dotnet
        docker:
            path: ./Dockerfile

